// Jest Snapshot v1, https://goo.gl/fbAQLP

exports[`expect it to render WasteSearchForm component 1`] = `
ShallowWrapper {
  Symbol(enzyme.__root__): [Circular],
  Symbol(enzyme.__unrendered__): <WasteSearchForm />,
  Symbol(enzyme.__renderer__): Object {
    "batchedUpdates": [Function],
    "getNode": [Function],
    "render": [Function],
    "simulateError": [Function],
    "simulateEvent": [Function],
    "unmount": [Function],
  },
  Symbol(enzyme.__node__): Object {
    "instance": null,
    "key": undefined,
    "nodeType": "host",
    "props": Object {
      "children": Array [
        <label
          className="visuallyhidden"
          htmlFor="search"
        >
          Search:
        </label>,
        <input
          placeholder="Enter a keyword"
          required={true}
          type="text"
        />,
        <button
          aria-label="searchbutton"
          className="grow shadow-5"
        >
          <img
            alt="magnifyingGlass"
            src="icons8-search-60.png"
          />
        </button>,
      ],
      "className": "form",
      "onSubmit": undefined,
      "type": "submit",
    },
    "ref": null,
    "rendered": Array [
      Object {
        "instance": null,
        "key": undefined,
        "nodeType": "host",
        "props": Object {
          "children": "Search:",
          "className": "visuallyhidden",
          "htmlFor": "search",
        },
        "ref": null,
        "rendered": "Search:",
        "type": "label",
      },
      Object {
        "instance": null,
        "key": undefined,
        "nodeType": "host",
        "props": Object {
          "onChange": undefined,
          "placeholder": "Enter a keyword",
          "required": true,
          "type": "text",
        },
        "ref": null,
        "rendered": null,
        "type": "input",
      },
      Object {
        "instance": null,
        "key": undefined,
        "nodeType": "host",
        "props": Object {
          "aria-label": "searchbutton",
          "children": <img
            alt="magnifyingGlass"
            src="icons8-search-60.png"
          />,
          "className": "grow shadow-5",
        },
        "ref": null,
        "rendered": Object {
          "instance": null,
          "key": undefined,
          "nodeType": "host",
          "props": Object {
            "alt": "magnifyingGlass",
            "src": "icons8-search-60.png",
          },
          "ref": null,
          "rendered": null,
          "type": "img",
        },
        "type": "button",
      },
    ],
    "type": "form",
  },
  Symbol(enzyme.__nodes__): Array [
    Object {
      "instance": null,
      "key": undefined,
      "nodeType": "host",
      "props": Object {
        "children": Array [
          <label
            className="visuallyhidden"
            htmlFor="search"
          >
            Search:
          </label>,
          <input
            placeholder="Enter a keyword"
            required={true}
            type="text"
          />,
          <button
            aria-label="searchbutton"
            className="grow shadow-5"
          >
            <img
              alt="magnifyingGlass"
              src="icons8-search-60.png"
            />
          </button>,
        ],
        "className": "form",
        "onSubmit": undefined,
        "type": "submit",
      },
      "ref": null,
      "rendered": Array [
        Object {
          "instance": null,
          "key": undefined,
          "nodeType": "host",
          "props": Object {
            "children": "Search:",
            "className": "visuallyhidden",
            "htmlFor": "search",
          },
          "ref": null,
          "rendered": "Search:",
          "type": "label",
        },
        Object {
          "instance": null,
          "key": undefined,
          "nodeType": "host",
          "props": Object {
            "onChange": undefined,
            "placeholder": "Enter a keyword",
            "required": true,
            "type": "text",
          },
          "ref": null,
          "rendered": null,
          "type": "input",
        },
        Object {
          "instance": null,
          "key": undefined,
          "nodeType": "host",
          "props": Object {
            "aria-label": "searchbutton",
            "children": <img
              alt="magnifyingGlass"
              src="icons8-search-60.png"
            />,
            "className": "grow shadow-5",
          },
          "ref": null,
          "rendered": Object {
            "instance": null,
            "key": undefined,
            "nodeType": "host",
            "props": Object {
              "alt": "magnifyingGlass",
              "src": "icons8-search-60.png",
            },
            "ref": null,
            "rendered": null,
            "type": "img",
          },
          "type": "button",
        },
      ],
      "type": "form",
    },
  ],
  Symbol(enzyme.__options__): Object {
    "adapter": ReactSixteenAdapter {
      "options": Object {
        "enableComponentDidUpdateOnSetState": true,
        "lifecycles": Object {
          "componentDidUpdate": Object {
            "onSetState": true,
          },
          "getDerivedStateFromProps": true,
          "getSnapshotBeforeUpdate": true,
          "setState": Object {
            "skipsComponentDidUpdateOnNullish": true,
          },
        },
      },
    },
  },
}
`;
